#-----------------------------------------------------------
# Vivado v2022.2 (64-bit)
# SW Build 3671981 on Fri Oct 14 05:00:03 MDT 2022
# IP Build 3669848 on Fri Oct 14 08:30:02 MDT 2022
# Start of session at: Thu May 23 01:00:05 2024
# Process ID: 24376
# Current directory: C:/Users/MSI/Rui/MSc_Dissertation/SoC/accelerator/first_accel/solution1/sim/verilog
# Command line: vivado.exe -source open_wave.tcl
# Log file: C:/Users/MSI/Rui/MSc_Dissertation/SoC/accelerator/first_accel/solution1/sim/verilog/vivado.log
# Journal file: C:/Users/MSI/Rui/MSc_Dissertation/SoC/accelerator/first_accel/solution1/sim/verilog\vivado.jou
# Running On: DESKTOP-3C6QEMK, OS: Windows, CPU Frequency: 1997 MHz, CPU Physical cores: 14, Host memory: 16869 MB
#-----------------------------------------------------------
start_gui
source open_wave.tcl
open_wave_config C:/Users/MSI/Rui/MSc_Dissertation/SoC/accelerator/first_accel/solution1/sim/verilog/matprod.wcfg
create_wave_config; add_wave /; set_property needs_save false [current_wave_config]
close_sim
